2026-06-04 16:58:38,501 - INFO - Event baseline created for Business Mediums - posts
2026-06-04 16:58:39,034 - INFO - Event baseline created for Business Mediums - posts
2026-06-04 16:58:39,488 - INFO - Event baseline created for World Business Hour - posts
2026-06-04 16:58:40,090 - INFO - Event baseline created for The Growth Insights - posts
2026-06-04 16:58:40,213 - INFO - Event baseline created for World Business Hour - posts
2026-06-04 16:58:40,582 - INFO - Event baseline created for Techmaster Node - posts
2026-06-04 16:58:40,883 - INFO - Event baseline created for The Growth Insights - posts
2026-06-04 16:58:41,703 - INFO - Event baseline created for Techmaster Node - posts
2026-06-04 16:58:41,792 - INFO - Event baseline created for TechWeb Trends - posts
2026-06-04 16:58:42,210 - INFO - Event baseline created for CXO Matters - posts
2026-06-04 16:58:42,245 - INFO - Event baseline created for CXO Matters - posts
2026-06-04 16:58:42,315 - INFO - Event baseline created for The Growth Insights - pages
2026-06-04 16:58:42,953 - INFO - Event baseline created for World Business Hour - pages
2026-06-04 16:58:42,955 - INFO - Event baseline created for Techmaster Node - pages
2026-06-04 16:58:42,956 - INFO - Event baseline created for TechWeb Trends - posts
2026-06-04 16:58:42,965 - INFO - Event baseline created for The Growth Insights - pages
2026-06-04 16:58:42,979 - INFO - Event baseline created for Business Mediums - pages
2026-06-04 16:58:43,575 - INFO - Event baseline created for Business Mediums - pages
2026-06-04 16:58:43,822 - INFO - Event baseline created for Techmaster Node - pages
2026-06-04 16:58:44,172 - INFO - Event baseline created for World Business Hour - pages
2026-06-04 16:58:46,104 - INFO - Event baseline created for TechWeb Trends - pages
2026-06-04 16:58:46,867 - INFO - Event baseline created for CXO Matters - pages
2026-06-04 16:58:46,901 - INFO - Event baseline created for CXO Matters - pages
2026-06-04 16:58:47,086 - INFO - Event baseline created for TechWeb Trends - pages
2026-06-04 16:58:50,275 - INFO - Event baseline created for World Business Hour - media
2026-06-04 16:58:50,855 - INFO - Event baseline created for Techmaster Node - media
2026-06-04 16:58:50,953 - INFO - Event baseline created for Techmaster Node - media
2026-06-04 16:58:51,454 - INFO - Event baseline created for World Business Hour - media
2026-06-04 16:58:52,374 - INFO - Event baseline created for World Business Hour - resources
2026-06-04 16:58:52,849 - INFO - Event baseline created for The Growth Insights - media
2026-06-04 16:58:52,888 - INFO - Event baseline created for Techmaster Node - resources
2026-06-04 16:58:52,940 - INFO - Event baseline created for Techmaster Node - resources
2026-06-04 16:58:53,455 - INFO - Event baseline created for World Business Hour - resources
2026-06-04 16:58:53,572 - INFO - Event baseline created for The Growth Insights - media
2026-06-04 16:58:54,989 - INFO - Event baseline created for The Growth Insights - resources
2026-06-04 16:58:55,042 - INFO - Event baseline created for TechWeb Trends - media
2026-06-04 16:58:55,645 - INFO - Event baseline created for The Growth Insights - resources
2026-06-04 16:58:55,710 - INFO - Event baseline created for TechWeb Trends - media
2026-06-04 16:58:57,040 - INFO - Event baseline created for TechWeb Trends - resources
2026-06-04 16:58:57,189 - INFO - Event baseline created for Business Mediums - media
2026-06-04 16:58:57,212 - INFO - Event baseline created for Business Mediums - media
2026-06-04 16:58:57,737 - INFO - Event baseline created for TechWeb Trends - resources
2026-06-04 16:58:58,846 - INFO - Event baseline created for CXO Matters - media
2026-06-04 16:58:59,223 - INFO - Event baseline created for Business Mediums - resources
2026-06-04 16:58:59,336 - INFO - Event baseline created for Business Mediums - resources
2026-06-04 16:58:59,656 - INFO - Event baseline created for CXO Matters - media
2026-06-04 16:59:00,951 - INFO - Event baseline created for CXO Matters - resources
2026-06-04 16:59:01,739 - INFO - Event baseline created for CXO Matters - resources
2026-06-04 17:02:30,600 - INFO - No changes detected in Business Mediums - posts
2026-06-04 17:02:31,209 - INFO - No changes detected in Business Mediums - posts
2026-06-04 17:02:33,007 - INFO - No changes detected in The Growth Insights - posts
2026-06-04 17:02:33,185 - INFO - No changes detected in CXO Matters - posts
2026-06-04 17:02:33,459 - INFO - No changes detected in CXO Matters - posts
2026-06-04 17:02:33,577 - INFO - No changes detected in The Growth Insights - posts
2026-06-04 17:02:33,663 - INFO - No changes detected in World Business Hour - posts
2026-06-04 17:02:33,677 - INFO - No changes detected in Techmaster Node - posts
2026-06-04 17:02:33,770 - INFO - No changes detected in Techmaster Node - posts
2026-06-04 17:02:35,066 - INFO - No changes detected in World Business Hour - posts
2026-06-04 17:02:35,069 - INFO - No changes detected in Business Mediums - pages
2026-06-04 17:02:35,237 - INFO - No changes detected in TechWeb Trends - posts
2026-06-04 17:02:35,238 - INFO - No changes detected in The Growth Insights - pages
2026-06-04 17:02:35,492 - INFO - No changes detected in Business Mediums - pages
2026-06-04 17:02:35,652 - INFO - No changes detected in The Growth Insights - pages
2026-06-04 17:02:35,679 - INFO - No changes detected in TechWeb Trends - posts
2026-06-04 17:02:36,007 - INFO - No changes detected in Techmaster Node - pages
2026-06-04 17:02:36,059 - INFO - No changes detected in Techmaster Node - pages
2026-06-04 17:02:36,729 - INFO - No changes detected in World Business Hour - pages
2026-06-04 17:02:37,854 - INFO - No changes detected in CXO Matters - pages
2026-06-04 17:02:37,973 - INFO - No changes detected in CXO Matters - pages
2026-06-04 17:02:38,138 - INFO - No changes detected in World Business Hour - pages
2026-06-04 17:02:39,667 - INFO - No changes detected in TechWeb Trends - pages
2026-06-04 17:02:40,420 - INFO - No changes detected in TechWeb Trends - pages
2026-06-04 17:02:44,854 - INFO - No changes detected in Techmaster Node - media
2026-06-04 17:02:45,521 - INFO - No changes detected in World Business Hour - media
2026-06-04 17:02:46,038 - INFO - No changes detected in Techmaster Node - media
2026-06-04 17:02:47,223 - INFO - No changes detected in Techmaster Node - resources
2026-06-04 17:02:47,281 - INFO - No changes detected in The Growth Insights - media
2026-06-04 17:02:47,840 - INFO - No changes detected in The Growth Insights - media
2026-06-04 17:02:47,941 - INFO - No changes detected in World Business Hour - resources
2026-06-04 17:02:48,102 - INFO - No changes detected in World Business Hour - media
2026-06-04 17:02:48,674 - INFO - No changes detected in Techmaster Node - resources
2026-06-04 17:02:49,551 - INFO - No changes detected in TechWeb Trends - media
2026-06-04 17:02:49,945 - INFO - No changes detected in The Growth Insights - resources
2026-06-04 17:02:50,472 - INFO - No changes detected in TechWeb Trends - media
2026-06-04 17:02:50,821 - INFO - No changes detected in World Business Hour - resources
2026-06-04 17:02:51,328 - INFO - No changes detected in Business Mediums - media
2026-06-04 17:02:51,566 - INFO - No changes detected in Business Mediums - media
2026-06-04 17:02:51,992 - INFO - No changes detected in TechWeb Trends - resources
2026-06-04 17:02:52,279 - INFO - No changes detected in The Growth Insights - resources
2026-06-04 17:02:52,325 - INFO - No changes detected in CXO Matters - media
2026-06-04 17:02:52,481 - INFO - No changes detected in CXO Matters - media
2026-06-04 17:02:52,728 - INFO - No changes detected in TechWeb Trends - resources
2026-06-04 17:02:53,708 - INFO - No changes detected in Business Mediums - resources
2026-06-04 17:02:53,738 - INFO - No changes detected in Business Mediums - resources
2026-06-04 17:02:54,647 - INFO - No changes detected in CXO Matters - resources
2026-06-04 17:02:54,677 - INFO - No changes detected in CXO Matters - resources
2026-06-04 17:06:00,381 - INFO - No changes detected in World Business Hour - posts
2026-06-04 17:06:00,388 - INFO - No changes detected in World Business Hour - posts
2026-06-04 17:06:00,567 - INFO - No changes detected in The Growth Insights - posts
2026-06-04 17:06:00,597 - INFO - No changes detected in The Growth Insights - posts
2026-06-04 17:06:01,290 - INFO - No changes detected in Business Mediums - posts
2026-06-04 17:06:01,291 - INFO - No changes detected in Business Mediums - posts
2026-06-04 17:06:01,333 - INFO - No changes detected in CXO Matters - posts
2026-06-04 17:06:01,347 - INFO - No changes detected in CXO Matters - posts
2026-06-04 17:06:01,855 - INFO - No changes detected in TechWeb Trends - posts
2026-06-04 17:06:01,869 - INFO - No changes detected in TechWeb Trends - posts
2026-06-04 17:06:01,913 - INFO - No changes detected in Techmaster Node - posts
2026-06-04 17:06:02,322 - INFO - No changes detected in Techmaster Node - posts
2026-06-04 17:06:02,810 - INFO - No changes detected in The Growth Insights - pages
2026-06-04 17:06:02,969 - INFO - No changes detected in The Growth Insights - pages
2026-06-04 17:06:03,819 - INFO - No changes detected in World Business Hour - pages
2026-06-04 17:06:04,059 - INFO - No changes detected in World Business Hour - pages
2026-06-04 17:06:04,675 - INFO - No changes detected in Techmaster Node - pages
2026-06-04 17:06:04,676 - INFO - No changes detected in Techmaster Node - pages
2026-06-04 17:06:06,122 - INFO - No changes detected in TechWeb Trends - pages
2026-06-04 17:06:06,301 - INFO - No changes detected in TechWeb Trends - pages
2026-06-04 17:06:06,805 - INFO - No changes detected in CXO Matters - pages
2026-06-04 17:06:06,960 - INFO - No changes detected in CXO Matters - pages
2026-06-04 17:06:12,307 - INFO - No changes detected in World Business Hour - media
2026-06-04 17:06:12,367 - INFO - No changes detected in World Business Hour - media
2026-06-04 17:06:13,139 - INFO - No changes detected in Techmaster Node - media
2026-06-04 17:06:13,530 - INFO - No changes detected in Techmaster Node - media
2026-06-04 17:06:14,138 - INFO - No changes detected in Business Mediums - pages
2026-06-04 17:06:14,152 - INFO - No changes detected in Business Mediums - pages
2026-06-04 17:06:14,205 - INFO - No changes detected in The Growth Insights - media
2026-06-04 17:06:14,504 - INFO - No changes detected in World Business Hour - resources
2026-06-04 17:06:14,537 - INFO - No changes detected in World Business Hour - resources
2026-06-04 17:06:14,676 - INFO - No changes detected in The Growth Insights - media
2026-06-04 17:06:15,454 - INFO - No changes detected in Techmaster Node - resources
2026-06-04 17:06:15,563 - INFO - No changes detected in TechWeb Trends - media
2026-06-04 17:06:15,609 - INFO - No changes detected in Techmaster Node - resources
2026-06-04 17:06:16,506 - INFO - No changes detected in The Growth Insights - resources
2026-06-04 17:06:16,836 - INFO - No changes detected in The Growth Insights - resources
2026-06-04 17:06:17,046 - INFO - No changes detected in TechWeb Trends - media
2026-06-04 17:06:17,612 - INFO - No changes detected in TechWeb Trends - resources
2026-06-04 17:06:21,105 - INFO - No changes detected in TechWeb Trends - resources
2026-06-04 17:06:22,450 - INFO - No changes detected in CXO Matters - media
2026-06-04 17:06:22,559 - INFO - No changes detected in CXO Matters - media
2026-06-04 17:06:24,570 - INFO - No changes detected in CXO Matters - resources
2026-06-04 17:06:24,771 - INFO - No changes detected in CXO Matters - resources
2026-06-04 17:06:56,013 - INFO - No changes detected in Business Mediums - media
2026-06-04 17:06:56,267 - INFO - No changes detected in Business Mediums - media
2026-06-04 17:06:58,294 - INFO - No changes detected in Business Mediums - resources
2026-06-04 17:06:58,450 - INFO - No changes detected in Business Mediums - resources
2026-06-04 17:10:03,202 - INFO - No changes detected in Business Mediums - posts
2026-06-04 17:10:03,956 - INFO - No changes detected in Business Mediums - posts
2026-06-04 17:10:04,623 - INFO - No changes detected in World Business Hour - posts
2026-06-04 17:10:04,640 - INFO - No changes detected in World Business Hour - posts
2026-06-04 17:10:05,320 - INFO - No changes detected in CXO Matters - posts
2026-06-04 17:10:05,378 - INFO - No changes detected in CXO Matters - posts
2026-06-04 17:10:05,618 - INFO - No changes detected in Techmaster Node - posts
2026-06-04 17:10:05,659 - INFO - No changes detected in The Growth Insights - posts
2026-06-04 17:10:05,810 - INFO - No changes detected in Techmaster Node - posts
2026-06-04 17:10:05,833 - INFO - No changes detected in The Growth Insights - posts
2026-06-04 17:10:06,639 - INFO - No changes detected in TechWeb Trends - posts
2026-06-04 17:10:06,641 - INFO - No changes detected in TechWeb Trends - posts
2026-06-04 17:10:07,677 - INFO - No changes detected in World Business Hour - pages
2026-06-04 17:10:08,152 - INFO - No changes detected in World Business Hour - pages
2026-06-04 17:10:08,156 - INFO - No changes detected in Business Mediums - pages
2026-06-04 17:10:08,159 - INFO - No changes detected in Techmaster Node - pages
2026-06-04 17:10:08,171 - INFO - No changes detected in The Growth Insights - pages
2026-06-04 17:10:08,195 - INFO - No changes detected in The Growth Insights - pages
2026-06-04 17:10:08,255 - INFO - No changes detected in Techmaster Node - pages
2026-06-04 17:10:08,807 - INFO - No changes detected in Business Mediums - pages
2026-06-04 17:10:10,228 - INFO - No changes detected in CXO Matters - pages
2026-06-04 17:10:10,359 - INFO - No changes detected in CXO Matters - pages
2026-06-04 17:10:11,608 - INFO - No changes detected in TechWeb Trends - pages
2026-06-04 17:10:11,815 - INFO - No changes detected in TechWeb Trends - pages
2026-06-04 17:10:17,146 - INFO - No changes detected in World Business Hour - media
2026-06-04 17:10:17,152 - INFO - No changes detected in World Business Hour - media
2026-06-04 17:10:18,727 - INFO - No changes detected in Techmaster Node - media
2026-06-04 17:10:18,788 - INFO - No changes detected in Techmaster Node - media
2026-06-04 17:10:19,214 - INFO - No changes detected in World Business Hour - resources
2026-06-04 17:10:19,409 - INFO - No changes detected in World Business Hour - resources
2026-06-04 17:10:20,732 - INFO - No changes detected in The Growth Insights - media
2026-06-04 17:10:20,872 - INFO - No changes detected in Techmaster Node - resources
2026-06-04 17:10:20,935 - INFO - No changes detected in Techmaster Node - resources
2026-06-04 17:10:21,001 - INFO - No changes detected in The Growth Insights - media
2026-06-04 17:10:21,796 - INFO - No changes detected in TechWeb Trends - media
2026-06-04 17:10:22,603 - INFO - No changes detected in TechWeb Trends - media
2026-06-04 17:10:23,134 - INFO - No changes detected in The Growth Insights - resources
2026-06-04 17:10:23,288 - INFO - No changes detected in The Growth Insights - resources
2026-06-04 17:10:24,537 - INFO - No changes detected in TechWeb Trends - resources
2026-06-04 17:10:24,599 - INFO - No changes detected in CXO Matters - media
2026-06-04 17:10:24,612 - INFO - No changes detected in Business Mediums - media
2026-06-04 17:10:24,747 - INFO - No changes detected in Business Mediums - media
2026-06-04 17:10:24,747 - INFO - No changes detected in TechWeb Trends - resources
2026-06-04 17:10:25,569 - INFO - No changes detected in CXO Matters - media
2026-06-04 17:10:26,830 - INFO - No changes detected in Business Mediums - resources
2026-06-04 17:10:26,847 - INFO - No changes detected in CXO Matters - resources
2026-06-04 17:10:26,906 - INFO - No changes detected in Business Mediums - resources
2026-06-04 17:10:27,704 - INFO - No changes detected in CXO Matters - resources
2026-06-04 17:13:30,705 - INFO - No changes detected in Business Mediums - posts
2026-06-04 17:13:31,469 - INFO - No changes detected in Business Mediums - posts
2026-06-04 17:13:32,106 - INFO - No changes detected in World Business Hour - posts
2026-06-04 17:13:32,140 - INFO - No changes detected in The Growth Insights - posts
2026-06-04 17:13:32,496 - INFO - No changes detected in World Business Hour - posts
2026-06-04 17:13:32,669 - INFO - No changes detected in CXO Matters - posts
2026-06-04 17:13:33,035 - INFO - No changes detected in The Growth Insights - posts
2026-06-04 17:13:33,215 - INFO - No changes detected in Techmaster Node - posts
2026-06-04 17:13:33,451 - INFO - No changes detected in CXO Matters - posts
2026-06-04 17:13:34,163 - INFO - No changes detected in Techmaster Node - posts
2026-06-04 17:13:34,220 - INFO - No changes detected in TechWeb Trends - posts
2026-06-04 17:13:34,226 - INFO - No changes detected in The Growth Insights - pages
2026-06-04 17:13:34,734 - INFO - No changes detected in TechWeb Trends - posts
2026-06-04 17:13:35,007 - INFO - No changes detected in World Business Hour - pages
2026-06-04 17:13:35,088 - INFO - No changes detected in The Growth Insights - pages
2026-06-04 17:13:35,292 - INFO - No changes detected in Techmaster Node - pages
2026-06-04 17:13:35,310 - INFO - Changes detected in Business Mediums - pages
2026-06-04 17:13:35,380 - INFO - No changes detected in World Business Hour - pages
2026-06-04 17:13:35,904 - INFO - Changes detected in Business Mediums - pages
2026-06-04 17:13:36,285 - INFO - No changes detected in Techmaster Node - pages
2026-06-04 17:13:36,837 - INFO - No changes detected in CXO Matters - pages
2026-06-04 17:13:37,678 - INFO - No changes detected in CXO Matters - pages
2026-06-04 17:13:38,386 - INFO - No changes detected in TechWeb Trends - pages
2026-06-04 17:13:38,922 - INFO - No changes detected in TechWeb Trends - pages
2026-06-04 17:13:42,313 - INFO - No changes detected in World Business Hour - media
2026-06-04 17:13:42,607 - INFO - No changes detected in World Business Hour - media
2026-06-04 17:13:42,779 - INFO - No changes detected in Techmaster Node - media
2026-06-04 17:13:43,550 - INFO - No changes detected in Techmaster Node - media
2026-06-04 17:13:44,356 - INFO - No changes detected in The Growth Insights - media
2026-06-04 17:13:44,445 - INFO - No changes detected in World Business Hour - resources
2026-06-04 17:13:44,659 - INFO - No changes detected in World Business Hour - resources
2026-06-04 17:13:44,784 - INFO - No changes detected in Techmaster Node - resources
2026-06-04 17:13:45,546 - INFO - No changes detected in Techmaster Node - resources
2026-06-04 17:13:45,722 - INFO - No changes detected in The Growth Insights - media
2026-06-04 17:13:46,439 - INFO - No changes detected in The Growth Insights - resources
2026-06-04 17:13:46,628 - INFO - No changes detected in TechWeb Trends - media
2026-06-04 17:13:47,181 - INFO - No changes detected in TechWeb Trends - media
2026-06-04 17:13:47,748 - INFO - No changes detected in The Growth Insights - resources
2026-06-04 17:13:48,556 - INFO - No changes detected in TechWeb Trends - resources
2026-06-04 17:13:49,191 - INFO - No changes detected in CXO Matters - media
2026-06-04 17:13:49,206 - INFO - No changes detected in TechWeb Trends - resources
2026-06-04 17:13:49,638 - INFO - No changes detected in CXO Matters - media
2026-06-04 17:13:51,307 - INFO - No changes detected in CXO Matters - resources
2026-06-04 17:13:51,874 - INFO - No changes detected in CXO Matters - resources
2026-06-04 17:13:54,364 - INFO - No changes detected in Business Mediums - media
2026-06-04 17:13:55,600 - INFO - No changes detected in Business Mediums - media
2026-06-04 17:13:56,528 - INFO - No changes detected in Business Mediums - resources
2026-06-04 17:13:57,663 - INFO - No changes detected in Business Mediums - resources
2026-06-04 17:17:05,844 - INFO - No changes detected in World Business Hour - posts
2026-06-04 17:17:06,659 - INFO - No changes detected in The Growth Insights - posts
2026-06-04 17:17:06,713 - INFO - No changes detected in World Business Hour - posts
2026-06-04 17:17:06,845 - INFO - No changes detected in CXO Matters - posts
2026-06-04 17:17:06,995 - INFO - No changes detected in The Growth Insights - posts
2026-06-04 17:17:07,577 - INFO - No changes detected in CXO Matters - posts
2026-06-04 17:17:07,604 - INFO - No changes detected in Techmaster Node - posts
2026-06-04 17:17:08,394 - INFO - No changes detected in TechWeb Trends - posts
2026-06-04 17:17:08,557 - INFO - No changes detected in Techmaster Node - posts
2026-06-04 17:17:08,878 - INFO - No changes detected in World Business Hour - pages
2026-06-04 17:17:08,940 - INFO - No changes detected in The Growth Insights - pages
2026-06-04 17:17:09,070 - INFO - No changes detected in The Growth Insights - pages
2026-06-04 17:17:09,480 - INFO - No changes detected in TechWeb Trends - posts
2026-06-04 17:17:09,752 - INFO - No changes detected in World Business Hour - pages
2026-06-04 17:17:10,394 - INFO - No changes detected in Techmaster Node - pages
2026-06-04 17:17:10,917 - INFO - No changes detected in Business Mediums - posts
2026-06-04 17:17:11,092 - INFO - No changes detected in Business Mediums - posts
2026-06-04 17:17:11,142 - INFO - No changes detected in Techmaster Node - pages
2026-06-04 17:17:11,181 - INFO - No changes detected in CXO Matters - pages
2026-06-04 17:17:11,984 - INFO - No changes detected in CXO Matters - pages
2026-06-04 17:17:12,779 - INFO - No changes detected in TechWeb Trends - pages
2026-06-04 17:17:13,770 - INFO - No changes detected in TechWeb Trends - pages
2026-06-04 17:17:15,353 - INFO - No changes detected in Business Mediums - pages
2026-06-04 17:17:15,606 - INFO - No changes detected in Business Mediums - pages
2026-06-04 17:17:16,245 - INFO - No changes detected in World Business Hour - media
2026-06-04 17:17:17,272 - INFO - No changes detected in World Business Hour - media
2026-06-04 17:17:18,487 - INFO - No changes detected in Techmaster Node - media
2026-06-04 17:17:18,524 - INFO - No changes detected in World Business Hour - resources
2026-06-04 17:17:19,413 - INFO - No changes detected in Techmaster Node - media
2026-06-04 17:17:19,413 - INFO - No changes detected in World Business Hour - resources
2026-06-04 17:17:19,420 - INFO - No changes detected in The Growth Insights - media
2026-06-04 17:17:20,154 - INFO - No changes detected in The Growth Insights - media
2026-06-04 17:17:20,525 - INFO - No changes detected in Techmaster Node - resources
2026-06-04 17:17:21,456 - INFO - No changes detected in Techmaster Node - resources
2026-06-04 17:17:21,539 - INFO - No changes detected in The Growth Insights - resources
2026-06-04 17:17:21,630 - INFO - No changes detected in TechWeb Trends - media
2026-06-04 17:17:22,309 - INFO - No changes detected in The Growth Insights - resources
2026-06-04 17:17:23,524 - INFO - No changes detected in TechWeb Trends - media
2026-06-04 17:17:23,619 - INFO - No changes detected in CXO Matters - media
2026-06-04 17:17:23,675 - INFO - No changes detected in TechWeb Trends - resources
2026-06-04 17:17:24,767 - INFO - No changes detected in CXO Matters - media
2026-06-04 17:17:25,703 - INFO - No changes detected in CXO Matters - resources
2026-06-04 17:17:25,788 - INFO - No changes detected in TechWeb Trends - resources
2026-06-04 17:17:26,745 - INFO - No changes detected in CXO Matters - resources
2026-06-04 17:17:29,371 - INFO - No changes detected in Business Mediums - media
2026-06-04 17:17:29,692 - INFO - No changes detected in Business Mediums - media
2026-06-04 17:17:31,456 - INFO - No changes detected in Business Mediums - resources
2026-06-04 17:17:31,711 - INFO - No changes detected in Business Mediums - resources
2026-06-04 17:20:35,461 - INFO - No changes detected in Business Mediums - posts
2026-06-04 17:20:35,578 - INFO - No changes detected in Business Mediums - posts
2026-06-04 17:20:36,564 - INFO - No changes detected in World Business Hour - posts
2026-06-04 17:20:36,698 - INFO - No changes detected in World Business Hour - posts
2026-06-04 17:20:37,004 - INFO - No changes detected in The Growth Insights - posts
2026-06-04 17:20:37,076 - INFO - No changes detected in The Growth Insights - posts
2026-06-04 17:20:37,743 - INFO - No changes detected in Techmaster Node - posts
2026-06-04 17:20:37,745 - INFO - No changes detected in Techmaster Node - posts
2026-06-04 17:20:37,802 - INFO - No changes detected in CXO Matters - posts
2026-06-04 17:20:37,805 - INFO - No changes detected in CXO Matters - posts
2026-06-04 17:20:38,785 - INFO - No changes detected in TechWeb Trends - posts
2026-06-04 17:20:39,049 - INFO - No changes detected in The Growth Insights - pages
2026-06-04 17:20:39,162 - INFO - No changes detected in The Growth Insights - pages
2026-06-04 17:20:39,317 - INFO - No changes detected in TechWeb Trends - posts
2026-06-04 17:20:39,523 - INFO - No changes detected in World Business Hour - pages
2026-06-04 17:20:39,652 - INFO - No changes detected in World Business Hour - pages
2026-06-04 17:20:39,795 - INFO - No changes detected in Business Mediums - pages
2026-06-04 17:20:39,820 - INFO - No changes detected in Techmaster Node - pages
2026-06-04 17:20:39,821 - INFO - No changes detected in Business Mediums - pages
2026-06-04 17:20:39,929 - INFO - No changes detected in Techmaster Node - pages
2026-06-04 17:20:42,352 - INFO - No changes detected in CXO Matters - pages
2026-06-04 17:20:42,376 - INFO - No changes detected in CXO Matters - pages
2026-06-04 17:20:43,485 - INFO - No changes detected in TechWeb Trends - pages
2026-06-04 17:20:43,497 - INFO - No changes detected in TechWeb Trends - pages
2026-06-04 17:20:46,775 - INFO - No changes detected in World Business Hour - media
2026-06-04 17:20:47,071 - INFO - No changes detected in Techmaster Node - media
2026-06-04 17:20:47,124 - INFO - No changes detected in World Business Hour - media
2026-06-04 17:20:47,221 - INFO - No changes detected in Techmaster Node - media
2026-06-04 17:20:48,888 - INFO - No changes detected in World Business Hour - resources
2026-06-04 17:20:49,035 - INFO - No changes detected in Techmaster Node - resources
2026-06-04 17:20:49,244 - INFO - No changes detected in World Business Hour - resources
2026-06-04 17:20:49,300 - INFO - No changes detected in Techmaster Node - resources
2026-06-04 17:20:49,661 - INFO - No changes detected in The Growth Insights - media
2026-06-04 17:20:49,811 - INFO - No changes detected in The Growth Insights - media
2026-06-04 17:20:51,814 - INFO - No changes detected in The Growth Insights - resources
2026-06-04 17:20:51,898 - INFO - No changes detected in The Growth Insights - resources
2026-06-04 17:20:52,060 - INFO - No changes detected in TechWeb Trends - media
2026-06-04 17:20:53,007 - INFO - No changes detected in TechWeb Trends - media
2026-06-04 17:20:53,330 - INFO - No changes detected in Business Mediums - media
2026-06-04 17:20:53,613 - INFO - No changes detected in Business Mediums - media
2026-06-04 17:20:54,119 - INFO - No changes detected in TechWeb Trends - resources
2026-06-04 17:20:54,551 - INFO - No changes detected in CXO Matters - media
2026-06-04 17:20:54,569 - INFO - No changes detected in CXO Matters - media
2026-06-04 17:20:54,955 - INFO - No changes detected in TechWeb Trends - resources
2026-06-04 17:20:55,373 - INFO - No changes detected in Business Mediums - resources
2026-06-04 17:20:55,694 - INFO - No changes detected in Business Mediums - resources
2026-06-04 17:20:56,529 - INFO - No changes detected in CXO Matters - resources
2026-06-04 17:20:56,588 - INFO - No changes detected in CXO Matters - resources
2026-06-04 17:23:59,959 - INFO - No changes detected in Business Mediums - posts
2026-06-04 17:24:00,234 - INFO - No changes detected in Business Mediums - posts
2026-06-04 17:24:01,265 - INFO - No changes detected in World Business Hour - posts
2026-06-04 17:24:01,388 - INFO - No changes detected in World Business Hour - posts
2026-06-04 17:24:01,854 - INFO - No changes detected in The Growth Insights - posts
2026-06-04 17:24:01,901 - INFO - No changes detected in The Growth Insights - posts
2026-06-04 17:24:02,097 - INFO - No changes detected in CXO Matters - posts
2026-06-04 17:24:02,208 - INFO - No changes detected in CXO Matters - posts
2026-06-04 17:24:02,596 - INFO - No changes detected in Techmaster Node - posts
2026-06-04 17:24:02,937 - INFO - No changes detected in Techmaster Node - posts
2026-06-04 17:24:04,031 - INFO - No changes detected in The Growth Insights - pages
2026-06-04 17:24:04,059 - INFO - No changes detected in TechWeb Trends - posts
2026-06-04 17:24:04,064 - INFO - No changes detected in The Growth Insights - pages
2026-06-04 17:24:04,077 - INFO - No changes detected in TechWeb Trends - posts
2026-06-04 17:24:04,259 - INFO - No changes detected in World Business Hour - pages
2026-06-04 17:24:04,507 - INFO - No changes detected in World Business Hour - pages
2026-06-04 17:24:04,530 - INFO - No changes detected in Business Mediums - pages
2026-06-04 17:24:04,675 - INFO - No changes detected in Techmaster Node - pages
2026-06-04 17:24:04,803 - INFO - No changes detected in Business Mediums - pages
2026-06-04 17:24:05,060 - INFO - No changes detected in Techmaster Node - pages
2026-06-04 17:24:06,323 - INFO - No changes detected in CXO Matters - pages
2026-06-04 17:24:06,435 - INFO - No changes detected in CXO Matters - pages
2026-06-04 17:24:08,171 - INFO - No changes detected in TechWeb Trends - pages
2026-06-04 17:24:08,308 - INFO - No changes detected in TechWeb Trends - pages
2026-06-04 17:24:11,741 - INFO - No changes detected in World Business Hour - media
2026-06-04 17:24:11,979 - INFO - No changes detected in World Business Hour - media
2026-06-04 17:24:12,676 - INFO - No changes detected in Techmaster Node - media
2026-06-04 17:24:13,636 - INFO - No changes detected in Techmaster Node - media
2026-06-04 17:24:13,828 - INFO - No changes detected in World Business Hour - resources
2026-06-04 17:24:14,099 - INFO - No changes detected in World Business Hour - resources
2026-06-04 17:24:14,707 - INFO - No changes detected in Techmaster Node - resources
2026-06-04 17:24:14,934 - INFO - No changes detected in The Growth Insights - media
2026-06-04 17:24:15,056 - INFO - No changes detected in The Growth Insights - media
2026-06-04 17:24:15,711 - INFO - No changes detected in Techmaster Node - resources
2026-06-04 17:24:16,961 - INFO - No changes detected in The Growth Insights - resources
2026-06-04 17:24:17,342 - INFO - No changes detected in The Growth Insights - resources
2026-06-04 17:24:17,419 - INFO - No changes detected in TechWeb Trends - media
2026-06-04 17:24:17,445 - INFO - No changes detected in TechWeb Trends - media
2026-06-04 17:24:18,466 - INFO - No changes detected in CXO Matters - media
2026-06-04 17:24:18,776 - INFO - No changes detected in Business Mediums - media
2026-06-04 17:24:18,824 - INFO - No changes detected in Business Mediums - media
2026-06-04 17:24:19,134 - INFO - No changes detected in CXO Matters - media
2026-06-04 17:24:19,378 - INFO - No changes detected in TechWeb Trends - resources
2026-06-04 17:24:19,478 - INFO - No changes detected in TechWeb Trends - resources
2026-06-04 17:24:20,490 - INFO - No changes detected in CXO Matters - resources
2026-06-04 17:24:20,931 - INFO - No changes detected in Business Mediums - resources
2026-06-04 17:24:20,949 - INFO - No changes detected in Business Mediums - resources
2026-06-04 17:24:21,346 - INFO - No changes detected in CXO Matters - resources
2026-06-04 17:27:24,558 - INFO - No changes detected in Business Mediums - posts
2026-06-04 17:27:25,013 - INFO - No changes detected in Business Mediums - posts
2026-06-04 17:27:26,012 - INFO - No changes detected in World Business Hour - posts
2026-06-04 17:27:26,052 - INFO - No changes detected in World Business Hour - posts
2026-06-04 17:27:26,313 - INFO - No changes detected in The Growth Insights - posts
2026-06-04 17:27:26,909 - INFO - No changes detected in The Growth Insights - posts
2026-06-04 17:27:26,963 - INFO - No changes detected in CXO Matters - posts
2026-06-04 17:27:27,001 - INFO - No changes detected in CXO Matters - posts
2026-06-04 17:27:27,199 - INFO - No changes detected in Techmaster Node - posts
2026-06-04 17:27:27,374 - INFO - No changes detected in Techmaster Node - posts
2026-06-04 17:27:28,038 - INFO - No changes detected in TechWeb Trends - posts
2026-06-04 17:27:28,337 - INFO - No changes detected in TechWeb Trends - posts
2026-06-04 17:27:28,490 - INFO - No changes detected in The Growth Insights - pages
2026-06-04 17:27:28,771 - INFO - No changes detected in Business Mediums - pages
2026-06-04 17:27:28,966 - INFO - No changes detected in World Business Hour - pages
2026-06-04 17:27:28,981 - INFO - No changes detected in The Growth Insights - pages
2026-06-04 17:27:29,010 - INFO - No changes detected in World Business Hour - pages
2026-06-04 17:27:29,321 - INFO - No changes detected in Business Mediums - pages
2026-06-04 17:27:29,421 - INFO - No changes detected in Techmaster Node - pages
2026-06-04 17:27:29,505 - INFO - No changes detected in Techmaster Node - pages
2026-06-04 17:27:31,140 - INFO - No changes detected in CXO Matters - pages
2026-06-04 17:27:31,296 - INFO - No changes detected in CXO Matters - pages
2026-06-04 17:27:32,215 - INFO - No changes detected in TechWeb Trends - pages
2026-06-04 17:27:32,383 - INFO - No changes detected in TechWeb Trends - pages
2026-06-04 17:27:36,269 - INFO - No changes detected in World Business Hour - media
2026-06-04 17:27:36,291 - INFO - No changes detected in World Business Hour - media
2026-06-04 17:27:36,840 - INFO - No changes detected in Techmaster Node - media
2026-06-04 17:27:37,048 - INFO - No changes detected in Techmaster Node - media
2026-06-04 17:27:38,311 - INFO - No changes detected in World Business Hour - resources
2026-06-04 17:27:38,462 - INFO - No changes detected in World Business Hour - resources
2026-06-04 17:27:38,855 - INFO - No changes detected in Techmaster Node - resources
2026-06-04 17:27:39,118 - INFO - No changes detected in Techmaster Node - resources
2026-06-04 17:27:39,288 - INFO - No changes detected in The Growth Insights - media
2026-06-04 17:27:40,125 - INFO - No changes detected in The Growth Insights - media
2026-06-04 17:27:41,312 - INFO - No changes detected in TechWeb Trends - media
2026-06-04 17:27:41,481 - INFO - No changes detected in TechWeb Trends - media
2026-06-04 17:27:41,657 - INFO - No changes detected in The Growth Insights - resources
2026-06-04 17:27:42,263 - INFO - No changes detected in The Growth Insights - resources
2026-06-04 17:27:43,193 - INFO - No changes detected in Business Mediums - media
2026-06-04 17:27:43,287 - INFO - No changes detected in TechWeb Trends - resources
2026-06-04 17:27:43,321 - INFO - No changes detected in CXO Matters - media
2026-06-04 17:27:43,328 - INFO - No changes detected in Business Mediums - media
2026-06-04 17:27:43,625 - INFO - No changes detected in TechWeb Trends - resources
2026-06-04 17:27:44,152 - INFO - No changes detected in CXO Matters - media
2026-06-04 17:27:45,284 - INFO - No changes detected in Business Mediums - resources
2026-06-04 17:27:45,384 - INFO - No changes detected in CXO Matters - resources
2026-06-04 17:27:45,396 - INFO - No changes detected in Business Mediums - resources
2026-06-04 17:27:46,405 - INFO - No changes detected in CXO Matters - resources
2026-06-04 17:30:49,000 - INFO - No changes detected in Business Mediums - posts
2026-06-04 17:30:49,696 - INFO - No changes detected in Business Mediums - posts
2026-06-04 17:30:50,154 - INFO - No changes detected in World Business Hour - posts
2026-06-04 17:30:50,846 - INFO - No changes detected in The Growth Insights - posts
2026-06-04 17:30:51,015 - INFO - No changes detected in World Business Hour - posts
2026-06-04 17:30:51,402 - INFO - No changes detected in The Growth Insights - posts
2026-06-04 17:30:51,420 - INFO - No changes detected in CXO Matters - posts
2026-06-04 17:30:51,698 - INFO - No changes detected in Techmaster Node - posts
2026-06-04 17:30:52,237 - INFO - No changes detected in CXO Matters - posts
2026-06-04 17:30:52,448 - INFO - No changes detected in Techmaster Node - posts
2026-06-04 17:30:52,901 - INFO - No changes detected in TechWeb Trends - posts
2026-06-04 17:30:52,936 - INFO - No changes detected in The Growth Insights - pages
2026-06-04 17:30:53,507 - INFO - No changes detected in World Business Hour - pages
2026-06-04 17:30:53,516 - INFO - No changes detected in TechWeb Trends - posts
2026-06-04 17:30:53,523 - INFO - No changes detected in Business Mediums - pages
2026-06-04 17:30:53,587 - INFO - No changes detected in The Growth Insights - pages
2026-06-04 17:30:54,402 - INFO - No changes detected in Techmaster Node - pages
2026-06-04 17:30:54,405 - INFO - No changes detected in Business Mediums - pages
2026-06-04 17:30:54,433 - INFO - No changes detected in World Business Hour - pages
2026-06-04 17:30:54,535 - INFO - No changes detected in Techmaster Node - pages
2026-06-04 17:30:56,471 - INFO - No changes detected in CXO Matters - pages
2026-06-04 17:30:56,884 - INFO - No changes detected in CXO Matters - pages
2026-06-04 17:30:57,034 - INFO - No changes detected in TechWeb Trends - pages
2026-06-04 17:30:57,940 - INFO - No changes detected in TechWeb Trends - pages
2026-06-04 17:31:01,296 - INFO - No changes detected in World Business Hour - media
2026-06-04 17:31:01,999 - INFO - No changes detected in Techmaster Node - media
2026-06-04 17:31:02,187 - INFO - No changes detected in World Business Hour - media
2026-06-04 17:31:02,237 - INFO - No changes detected in Techmaster Node - media
2026-06-04 17:31:03,489 - INFO - No changes detected in World Business Hour - resources
2026-06-04 17:31:03,726 - INFO - No changes detected in The Growth Insights - media
2026-06-04 17:31:03,984 - INFO - No changes detected in Techmaster Node - resources
2026-06-04 17:31:04,359 - INFO - No changes detected in World Business Hour - resources
2026-06-04 17:31:04,377 - INFO - No changes detected in Techmaster Node - resources
2026-06-04 17:31:04,604 - INFO - No changes detected in The Growth Insights - media
2026-06-04 17:31:05,950 - INFO - No changes detected in TechWeb Trends - media
2026-06-04 17:31:06,007 - INFO - No changes detected in The Growth Insights - resources
2026-06-04 17:31:06,540 - INFO - No changes detected in TechWeb Trends - media
2026-06-04 17:31:06,735 - INFO - No changes detected in The Growth Insights - resources
2026-06-04 17:31:07,256 - INFO - No changes detected in Business Mediums - media
2026-06-04 17:31:08,017 - INFO - No changes detected in TechWeb Trends - resources
2026-06-04 17:31:08,514 - INFO - No changes detected in TechWeb Trends - resources
2026-06-04 17:31:08,648 - INFO - No changes detected in CXO Matters - media
2026-06-04 17:31:09,197 - INFO - No changes detected in Business Mediums - media
2026-06-04 17:31:09,355 - INFO - No changes detected in Business Mediums - resources
2026-06-04 17:31:10,180 - INFO - No changes detected in CXO Matters - media
2026-06-04 17:31:10,737 - INFO - No changes detected in CXO Matters - resources
2026-06-04 17:31:11,283 - INFO - No changes detected in Business Mediums - resources
2026-06-04 17:31:12,316 - INFO - No changes detected in CXO Matters - resources
2026-06-04 17:34:14,442 - INFO - No changes detected in Business Mediums - posts
2026-06-04 17:34:15,567 - INFO - No changes detected in World Business Hour - posts
2026-06-04 17:34:15,782 - INFO - No changes detected in Business Mediums - posts
2026-06-04 17:34:15,949 - INFO - No changes detected in The Growth Insights - posts
2026-06-04 17:34:16,862 - INFO - No changes detected in World Business Hour - posts
2026-06-04 17:34:16,891 - INFO - No changes detected in CXO Matters - posts
2026-06-04 17:34:17,281 - INFO - No changes detected in Techmaster Node - posts
2026-06-04 17:34:17,305 - INFO - No changes detected in The Growth Insights - posts
2026-06-04 17:34:17,744 - INFO - No changes detected in TechWeb Trends - posts
2026-06-04 17:34:18,173 - INFO - No changes detected in CXO Matters - posts
2026-06-04 17:34:18,185 - INFO - No changes detected in The Growth Insights - pages
2026-06-04 17:34:18,232 - INFO - No changes detected in Techmaster Node - posts
2026-06-04 17:34:18,683 - INFO - No changes detected in World Business Hour - pages
2026-06-04 17:34:18,970 - INFO - No changes detected in Business Mediums - pages
2026-06-04 17:34:19,041 - INFO - No changes detected in TechWeb Trends - posts
2026-06-04 17:34:19,290 - INFO - No changes detected in The Growth Insights - pages
2026-06-04 17:34:19,395 - INFO - No changes detected in Techmaster Node - pages
2026-06-04 17:34:19,756 - INFO - No changes detected in World Business Hour - pages
2026-06-04 17:34:20,149 - INFO - No changes detected in Business Mediums - pages
2026-06-04 17:34:20,348 - INFO - No changes detected in Techmaster Node - pages
2026-06-04 17:34:21,308 - INFO - No changes detected in CXO Matters - pages
2026-06-04 17:34:21,818 - INFO - No changes detected in TechWeb Trends - pages
2026-06-04 17:34:22,518 - INFO - No changes detected in CXO Matters - pages
2026-06-04 17:34:23,234 - INFO - No changes detected in TechWeb Trends - pages
2026-06-04 17:34:26,018 - INFO - No changes detected in World Business Hour - media
2026-06-04 17:34:26,862 - INFO - No changes detected in Techmaster Node - media
2026-06-04 17:34:26,963 - INFO - No changes detected in World Business Hour - media
2026-06-04 17:34:27,848 - INFO - No changes detected in Techmaster Node - media
2026-06-04 17:34:28,118 - INFO - No changes detected in World Business Hour - resources
2026-06-04 17:34:28,709 - INFO - No changes detected in The Growth Insights - media
2026-06-04 17:34:28,978 - INFO - No changes detected in Techmaster Node - resources
2026-06-04 17:34:29,067 - INFO - No changes detected in World Business Hour - resources
2026-06-04 17:34:29,871 - INFO - No changes detected in Techmaster Node - resources
2026-06-04 17:34:30,066 - INFO - No changes detected in The Growth Insights - media
2026-06-04 17:34:30,371 - INFO - No changes detected in TechWeb Trends - media
2026-06-04 17:34:31,036 - INFO - No changes detected in The Growth Insights - resources
2026-06-04 17:34:32,189 - INFO - No changes detected in The Growth Insights - resources
2026-06-04 17:34:32,206 - INFO - No changes detected in TechWeb Trends - media
2026-06-04 17:34:32,365 - INFO - No changes detected in TechWeb Trends - resources
2026-06-04 17:34:32,971 - INFO - No changes detected in Business Mediums - media
2026-06-04 17:34:33,462 - INFO - No changes detected in CXO Matters - media
2026-06-04 17:34:34,021 - INFO - No changes detected in Business Mediums - media
2026-06-04 17:34:34,246 - INFO - No changes detected in TechWeb Trends - resources
2026-06-04 17:34:35,122 - INFO - No changes detected in CXO Matters - media
2026-06-04 17:34:35,135 - INFO - No changes detected in Business Mediums - resources
2026-06-04 17:34:35,835 - INFO - No changes detected in CXO Matters - resources
2026-06-04 17:34:36,351 - INFO - No changes detected in Business Mediums - resources
2026-06-04 17:34:37,205 - INFO - No changes detected in CXO Matters - resources
2026-06-04 17:37:39,756 - INFO - No changes detected in Business Mediums - posts
2026-06-04 17:37:40,878 - INFO - No changes detected in World Business Hour - posts
2026-06-04 17:37:40,952 - INFO - No changes detected in Business Mediums - posts
2026-06-04 17:37:41,463 - INFO - No changes detected in The Growth Insights - posts
2026-06-04 17:37:41,995 - INFO - No changes detected in CXO Matters - posts
2026-06-04 17:37:42,063 - INFO - No changes detected in World Business Hour - posts
2026-06-04 17:37:42,513 - INFO - No changes detected in Techmaster Node - posts
2026-06-04 17:37:42,600 - INFO - No changes detected in The Growth Insights - posts
2026-06-04 17:37:42,988 - INFO - No changes detected in CXO Matters - posts
2026-06-04 17:37:43,170 - INFO - No changes detected in TechWeb Trends - posts
2026-06-04 17:37:43,564 - INFO - No changes detected in The Growth Insights - pages
2026-06-04 17:37:43,786 - INFO - No changes detected in Techmaster Node - posts
2026-06-04 17:37:43,931 - INFO - No changes detected in World Business Hour - pages
2026-06-04 17:37:44,267 - INFO - No changes detected in Business Mediums - pages
2026-06-04 17:37:44,350 - INFO - No changes detected in TechWeb Trends - posts
2026-06-04 17:37:44,674 - INFO - No changes detected in The Growth Insights - pages
2026-06-04 17:37:44,675 - INFO - No changes detected in Techmaster Node - pages
2026-06-04 17:37:45,080 - INFO - No changes detected in World Business Hour - pages
2026-06-04 17:37:45,228 - INFO - No changes detected in Business Mediums - pages
2026-06-04 17:37:46,004 - INFO - No changes detected in Techmaster Node - pages
2026-06-04 17:37:46,267 - INFO - No changes detected in CXO Matters - pages
2026-06-04 17:37:47,373 - INFO - No changes detected in TechWeb Trends - pages
2026-06-04 17:37:47,385 - INFO - No changes detected in CXO Matters - pages
2026-06-04 17:37:48,496 - INFO - No changes detected in TechWeb Trends - pages
2026-06-04 17:37:51,362 - INFO - No changes detected in World Business Hour - media
2026-06-04 17:37:52,194 - INFO - No changes detected in Techmaster Node - media
2026-06-04 17:37:52,662 - INFO - No changes detected in World Business Hour - media
2026-06-04 17:37:53,390 - INFO - No changes detected in Techmaster Node - media
2026-06-04 17:37:53,606 - INFO - No changes detected in World Business Hour - resources
2026-06-04 17:37:54,079 - INFO - No changes detected in The Growth Insights - media
2026-06-04 17:37:54,193 - INFO - No changes detected in Techmaster Node - resources
2026-06-04 17:37:54,821 - INFO - No changes detected in World Business Hour - resources
2026-06-04 17:37:55,826 - INFO - No changes detected in The Growth Insights - media
2026-06-04 17:37:55,864 - INFO - No changes detected in Techmaster Node - resources
2026-06-04 17:37:56,404 - INFO - No changes detected in TechWeb Trends - media
2026-06-04 17:37:56,559 - INFO - No changes detected in The Growth Insights - resources
2026-06-04 17:37:57,909 - INFO - No changes detected in TechWeb Trends - media
2026-06-04 17:37:58,077 - INFO - No changes detected in The Growth Insights - resources
2026-06-04 17:37:58,488 - INFO - No changes detected in TechWeb Trends - resources
2026-06-04 17:37:58,547 - INFO - No changes detected in Business Mediums - media
2026-06-04 17:37:59,517 - INFO - No changes detected in CXO Matters - media
2026-06-04 17:37:59,786 - INFO - No changes detected in Business Mediums - media
2026-06-04 17:38:00,047 - INFO - No changes detected in TechWeb Trends - resources
2026-06-04 17:38:00,536 - INFO - No changes detected in CXO Matters - media
2026-06-04 17:38:00,598 - INFO - No changes detected in Business Mediums - resources
2026-06-04 17:38:01,768 - INFO - No changes detected in CXO Matters - resources
2026-06-04 17:38:02,075 - INFO - No changes detected in Business Mediums - resources
2026-06-04 17:38:02,827 - INFO - No changes detected in CXO Matters - resources
2026-06-04 17:41:05,687 - INFO - No changes detected in Business Mediums - posts
2026-06-04 17:41:06,531 - INFO - No changes detected in Business Mediums - posts
2026-06-04 17:41:06,796 - INFO - No changes detected in World Business Hour - posts
2026-06-04 17:41:07,327 - INFO - No changes detected in The Growth Insights - posts
2026-06-04 17:41:07,804 - INFO - No changes detected in CXO Matters - posts
2026-06-04 17:41:07,978 - INFO - No changes detected in World Business Hour - posts
2026-06-04 17:41:08,162 - INFO - No changes detected in Techmaster Node - posts
2026-06-04 17:41:08,204 - INFO - No changes detected in The Growth Insights - posts
2026-06-04 17:41:08,639 - INFO - No changes detected in CXO Matters - posts
2026-06-04 17:41:09,103 - INFO - No changes detected in Techmaster Node - posts
2026-06-04 17:41:09,429 - INFO - No changes detected in The Growth Insights - pages
2026-06-04 17:41:09,845 - INFO - No changes detected in TechWeb Trends - posts
2026-06-04 17:41:09,938 - INFO - No changes detected in World Business Hour - pages
2026-06-04 17:41:10,391 - INFO - No changes detected in The Growth Insights - pages
2026-06-04 17:41:10,394 - INFO - No changes detected in Techmaster Node - pages
2026-06-04 17:41:10,395 - INFO - No changes detected in Business Mediums - pages
2026-06-04 17:41:10,547 - INFO - No changes detected in TechWeb Trends - posts
2026-06-04 17:41:11,080 - INFO - No changes detected in World Business Hour - pages
2026-06-04 17:41:11,279 - INFO - No changes detected in Business Mediums - pages
2026-06-04 17:41:11,799 - INFO - No changes detected in Techmaster Node - pages
2026-06-04 17:41:11,818 - INFO - No changes detected in CXO Matters - pages
2026-06-04 17:41:12,872 - INFO - No changes detected in CXO Matters - pages
2026-06-04 17:41:14,188 - INFO - No changes detected in TechWeb Trends - pages
2026-06-04 17:41:15,108 - INFO - No changes detected in TechWeb Trends - pages
2026-06-04 17:41:17,263 - INFO - No changes detected in World Business Hour - media
2026-06-04 17:41:19,116 - INFO - No changes detected in World Business Hour - media
2026-06-04 17:41:19,320 - INFO - No changes detected in Techmaster Node - media
2026-06-04 17:41:19,421 - INFO - No changes detected in World Business Hour - resources
2026-06-04 17:41:19,918 - INFO - No changes detected in The Growth Insights - media
2026-06-04 17:41:19,971 - INFO - No changes detected in Techmaster Node - media
2026-06-04 17:41:21,261 - INFO - No changes detected in The Growth Insights - media
2026-06-04 17:41:21,345 - INFO - No changes detected in World Business Hour - resources
2026-06-04 17:41:21,345 - INFO - No changes detected in Techmaster Node - resources
2026-06-04 17:41:22,052 - INFO - No changes detected in Techmaster Node - resources
2026-06-04 17:41:22,054 - INFO - No changes detected in The Growth Insights - resources
2026-06-04 17:41:23,871 - INFO - No changes detected in TechWeb Trends - media
2026-06-04 17:41:23,891 - INFO - No changes detected in The Growth Insights - resources
2026-06-04 17:41:25,167 - INFO - No changes detected in CXO Matters - media
2026-06-04 17:41:25,291 - INFO - No changes detected in TechWeb Trends - media
2026-06-04 17:41:25,491 - INFO - No changes detected in Business Mediums - media
2026-06-04 17:41:25,566 - INFO - No changes detected in Business Mediums - media
2026-06-04 17:41:26,057 - INFO - No changes detected in TechWeb Trends - resources
2026-06-04 17:41:26,576 - INFO - No changes detected in CXO Matters - media
2026-06-04 17:41:27,286 - INFO - No changes detected in CXO Matters - resources
2026-06-04 17:41:27,369 - INFO - No changes detected in TechWeb Trends - resources
2026-06-04 17:41:27,579 - INFO - No changes detected in Business Mediums - resources
2026-06-04 17:41:27,767 - INFO - No changes detected in Business Mediums - resources
2026-06-04 17:41:28,644 - INFO - No changes detected in CXO Matters - resources
2026-06-04 17:44:31,654 - INFO - No changes detected in Business Mediums - posts
2026-06-04 17:44:32,148 - INFO - No changes detected in Business Mediums - posts
2026-06-04 17:44:32,711 - INFO - No changes detected in World Business Hour - posts
2026-06-04 17:44:33,284 - INFO - No changes detected in World Business Hour - posts
2026-06-04 17:44:33,483 - INFO - No changes detected in The Growth Insights - posts
2026-06-04 17:44:33,939 - INFO - No changes detected in CXO Matters - posts
2026-06-04 17:44:34,020 - INFO - No changes detected in The Growth Insights - posts
2026-06-04 17:44:34,180 - INFO - No changes detected in Techmaster Node - posts
2026-06-04 17:44:34,601 - INFO - No changes detected in CXO Matters - posts
2026-06-04 17:44:34,925 - INFO - No changes detected in Techmaster Node - posts
2026-06-04 17:44:35,234 - INFO - No changes detected in TechWeb Trends - posts
2026-06-04 17:44:35,567 - INFO - No changes detected in The Growth Insights - pages
2026-06-04 17:44:35,801 - INFO - No changes detected in World Business Hour - pages
2026-06-04 17:44:35,803 - INFO - No changes detected in Business Mediums - pages
2026-06-04 17:44:35,915 - INFO - No changes detected in TechWeb Trends - posts
2026-06-04 17:44:36,041 - INFO - No changes detected in The Growth Insights - pages
2026-06-04 17:44:36,139 - INFO - No changes detected in World Business Hour - pages
2026-06-04 17:44:36,324 - INFO - No changes detected in Techmaster Node - pages
2026-06-04 17:44:36,483 - INFO - No changes detected in Business Mediums - pages
2026-06-04 17:44:37,085 - INFO - No changes detected in Techmaster Node - pages
2026-06-04 17:44:38,196 - INFO - No changes detected in CXO Matters - pages
2026-06-04 17:44:38,820 - INFO - No changes detected in CXO Matters - pages
2026-06-04 17:44:39,690 - INFO - No changes detected in TechWeb Trends - pages
2026-06-04 17:44:40,317 - INFO - No changes detected in TechWeb Trends - pages
2026-06-04 17:44:43,577 - INFO - No changes detected in World Business Hour - media
2026-06-04 17:44:43,656 - INFO - No changes detected in World Business Hour - media
2026-06-04 17:44:44,080 - INFO - No changes detected in Techmaster Node - media
2026-06-04 17:44:45,906 - INFO - No changes detected in Techmaster Node - media
2026-06-04 17:44:46,642 - INFO - No changes detected in Techmaster Node - resources
2026-06-04 17:44:46,665 - INFO - No changes detected in The Growth Insights - media
2026-06-04 17:44:46,725 - INFO - No changes detected in World Business Hour - resources
2026-06-04 17:44:46,783 - INFO - No changes detected in World Business Hour - resources
2026-06-04 17:44:47,713 - INFO - No changes detected in The Growth Insights - media
2026-06-04 17:44:48,486 - INFO - No changes detected in Techmaster Node - resources
2026-06-04 17:44:49,211 - INFO - No changes detected in The Growth Insights - resources
2026-06-04 17:44:49,857 - INFO - No changes detected in TechWeb Trends - media
2026-06-04 17:44:50,125 - INFO - No changes detected in The Growth Insights - resources
2026-06-04 17:44:50,631 - INFO - No changes detected in TechWeb Trends - media
2026-06-04 17:44:50,920 - INFO - No changes detected in Business Mediums - media
2026-06-04 17:44:51,763 - INFO - No changes detected in CXO Matters - media
2026-06-04 17:44:51,782 - INFO - No changes detected in Business Mediums - media
2026-06-04 17:44:52,587 - INFO - No changes detected in TechWeb Trends - resources
2026-06-04 17:44:52,635 - INFO - No changes detected in TechWeb Trends - resources
2026-06-04 17:44:53,077 - INFO - No changes detected in Business Mediums - resources
2026-06-04 17:44:53,606 - INFO - No changes detected in CXO Matters - media
2026-06-04 17:44:53,805 - INFO - No changes detected in CXO Matters - resources
2026-06-04 17:44:54,491 - INFO - No changes detected in Business Mediums - resources
2026-06-04 17:44:55,703 - INFO - No changes detected in CXO Matters - resources
2026-06-04 17:47:57,499 - INFO - No changes detected in Business Mediums - posts
2026-06-04 17:47:58,431 - INFO - No changes detected in World Business Hour - posts
2026-06-04 17:47:58,892 - INFO - No changes detected in Business Mediums - posts
2026-06-04 17:47:58,907 - INFO - No changes detected in The Growth Insights - posts
2026-06-04 17:47:59,896 - INFO - No changes detected in CXO Matters - posts
2026-06-04 17:48:00,195 - INFO - No changes detected in Techmaster Node - posts
2026-06-04 17:48:00,223 - INFO - No changes detected in World Business Hour - posts
2026-06-04 17:48:00,738 - INFO - No changes detected in The Growth Insights - posts
2026-06-04 17:48:00,976 - INFO - No changes detected in TechWeb Trends - posts
2026-06-04 17:48:00,997 - INFO - No changes detected in The Growth Insights - pages
2026-06-04 17:48:01,142 - INFO - No changes detected in CXO Matters - posts
2026-06-04 17:48:01,308 - INFO - No changes detected in World Business Hour - pages
2026-06-04 17:48:01,765 - INFO - No changes detected in Techmaster Node - posts
2026-06-04 17:48:01,767 - INFO - No changes detected in Business Mediums - pages
2026-06-04 17:48:02,511 - INFO - No changes detected in TechWeb Trends - posts
2026-06-04 17:48:02,800 - INFO - No changes detected in Techmaster Node - pages
2026-06-04 17:48:02,893 - INFO - No changes detected in The Growth Insights - pages
2026-06-04 17:48:03,202 - INFO - No changes detected in Business Mediums - pages
2026-06-04 17:48:03,376 - INFO - No changes detected in World Business Hour - pages
2026-06-04 17:48:04,539 - INFO - No changes detected in Techmaster Node - pages
2026-06-04 17:48:05,361 - INFO - No changes detected in CXO Matters - pages
2026-06-04 17:48:05,362 - INFO - No changes detected in TechWeb Trends - pages
2026-06-04 17:48:05,560 - INFO - No changes detected in CXO Matters - pages
2026-06-04 17:48:06,802 - INFO - No changes detected in TechWeb Trends - pages
2026-06-04 17:48:09,208 - INFO - No changes detected in World Business Hour - media
2026-06-04 17:48:11,243 - INFO - No changes detected in World Business Hour - resources
2026-06-04 17:48:11,504 - INFO - No changes detected in World Business Hour - media
2026-06-04 17:48:11,676 - INFO - No changes detected in The Growth Insights - media
2026-06-04 17:48:11,858 - INFO - No changes detected in Techmaster Node - media
2026-06-04 17:48:13,631 - INFO - No changes detected in World Business Hour - resources
2026-06-04 17:48:13,736 - INFO - No changes detected in The Growth Insights - resources
2026-06-04 17:48:13,868 - INFO - No changes detected in Techmaster Node - media
2026-06-04 17:48:13,904 - INFO - No changes detected in The Growth Insights - media
2026-06-04 17:48:13,934 - INFO - No changes detected in Techmaster Node - resources
2026-06-04 17:48:15,091 - INFO - No changes detected in TechWeb Trends - media
2026-06-04 17:48:15,960 - INFO - No changes detected in Techmaster Node - resources
2026-06-04 17:48:16,038 - INFO - No changes detected in The Growth Insights - resources
2026-06-04 17:48:16,315 - INFO - No changes detected in TechWeb Trends - media
2026-06-04 17:48:16,376 - INFO - No changes detected in Business Mediums - media
2026-06-04 17:48:16,988 - INFO - No changes detected in TechWeb Trends - resources
2026-06-04 17:48:18,209 - INFO - No changes detected in Business Mediums - media
2026-06-04 17:48:18,348 - INFO - No changes detected in Business Mediums - resources
2026-06-04 17:48:18,392 - INFO - No changes detected in TechWeb Trends - resources
2026-06-04 17:48:18,489 - INFO - No changes detected in CXO Matters - media
2026-06-04 17:48:18,656 - INFO - No changes detected in CXO Matters - media
2026-06-04 17:48:20,199 - INFO - No changes detected in Business Mediums - resources
2026-06-04 17:48:20,714 - INFO - No changes detected in CXO Matters - resources
2026-06-04 17:48:20,961 - INFO - No changes detected in CXO Matters - resources
2026-06-04 17:51:24,506 - INFO - No changes detected in Business Mediums - posts
2026-06-04 17:51:24,506 - INFO - No changes detected in Business Mediums - posts
2026-06-04 17:51:25,735 - INFO - No changes detected in World Business Hour - posts
2026-06-04 17:51:25,747 - INFO - No changes detected in World Business Hour - posts
2026-06-04 17:51:26,166 - INFO - No changes detected in The Growth Insights - posts
2026-06-04 17:51:26,181 - INFO - No changes detected in CXO Matters - posts
2026-06-04 17:51:26,197 - INFO - No changes detected in The Growth Insights - posts
2026-06-04 17:51:26,467 - INFO - No changes detected in CXO Matters - posts
2026-06-04 17:51:26,548 - INFO - No changes detected in Techmaster Node - posts
2026-06-04 17:51:26,575 - INFO - No changes detected in Techmaster Node - posts
2026-06-04 17:51:28,177 - INFO - No changes detected in TechWeb Trends - posts
2026-06-04 17:51:28,211 - INFO - No changes detected in TechWeb Trends - posts
2026-06-04 17:51:28,355 - INFO - No changes detected in The Growth Insights - pages
2026-06-04 17:51:28,647 - INFO - No changes detected in Techmaster Node - pages
2026-06-04 17:51:28,752 - INFO - No changes detected in World Business Hour - pages
2026-06-04 17:51:28,753 - INFO - No changes detected in World Business Hour - pages
2026-06-04 17:51:28,800 - INFO - No changes detected in Techmaster Node - pages
2026-06-04 17:51:28,915 - INFO - No changes detected in Business Mediums - pages
2026-06-04 17:51:28,950 - INFO - No changes detected in Business Mediums - pages
2026-06-04 17:51:29,509 - INFO - No changes detected in The Growth Insights - pages
2026-06-04 17:51:30,776 - INFO - No changes detected in CXO Matters - pages
2026-06-04 17:51:30,777 - INFO - No changes detected in CXO Matters - pages
2026-06-04 17:51:32,338 - INFO - No changes detected in TechWeb Trends - pages
2026-06-04 17:51:32,441 - INFO - No changes detected in TechWeb Trends - pages
2026-06-04 17:51:36,091 - INFO - No changes detected in World Business Hour - media
2026-06-04 17:51:36,147 - INFO - No changes detected in World Business Hour - media
2026-06-04 17:51:36,241 - INFO - No changes detected in Techmaster Node - media
2026-06-04 17:51:36,546 - INFO - No changes detected in Techmaster Node - media
2026-06-04 17:51:38,201 - INFO - No changes detected in Techmaster Node - resources
2026-06-04 17:51:38,292 - INFO - No changes detected in World Business Hour - resources
2026-06-04 17:51:38,365 - INFO - No changes detected in World Business Hour - resources
2026-06-04 17:51:38,662 - INFO - No changes detected in Techmaster Node - resources
2026-06-04 17:51:38,771 - INFO - No changes detected in The Growth Insights - media
2026-06-04 17:51:40,173 - INFO - No changes detected in The Growth Insights - media
2026-06-04 17:51:40,744 - INFO - No changes detected in TechWeb Trends - media
2026-06-04 17:51:40,890 - INFO - No changes detected in The Growth Insights - resources
2026-06-04 17:51:41,169 - INFO - No changes detected in TechWeb Trends - media
2026-06-04 17:51:42,314 - INFO - No changes detected in The Growth Insights - resources
2026-06-04 17:51:42,493 - INFO - No changes detected in Business Mediums - media
2026-06-04 17:51:43,064 - INFO - No changes detected in TechWeb Trends - resources
2026-06-04 17:51:43,066 - INFO - No changes detected in CXO Matters - media
2026-06-04 17:51:43,365 - INFO - No changes detected in TechWeb Trends - resources
2026-06-04 17:51:43,372 - INFO - No changes detected in Business Mediums - media
2026-06-04 17:51:43,650 - INFO - No changes detected in CXO Matters - media
2026-06-04 17:51:44,612 - INFO - No changes detected in Business Mediums - resources
2026-06-04 17:51:45,289 - INFO - No changes detected in CXO Matters - resources
2026-06-04 17:51:45,381 - INFO - No changes detected in Business Mediums - resources
2026-06-04 17:51:45,825 - INFO - No changes detected in CXO Matters - resources
2026-06-04 17:54:49,368 - INFO - No changes detected in Business Mediums - posts
2026-06-04 17:54:49,566 - INFO - No changes detected in Business Mediums - posts
2026-06-04 17:54:50,573 - INFO - No changes detected in World Business Hour - posts
2026-06-04 17:54:50,771 - INFO - No changes detected in World Business Hour - posts
2026-06-04 17:54:51,037 - INFO - No changes detected in The Growth Insights - posts
2026-06-04 17:54:51,188 - INFO - No changes detected in The Growth Insights - posts
2026-06-04 17:54:51,637 - INFO - No changes detected in CXO Matters - posts
2026-06-04 17:54:51,938 - INFO - No changes detected in CXO Matters - posts
2026-06-04 17:54:51,966 - INFO - No changes detected in Techmaster Node - posts
2026-06-04 17:54:52,079 - INFO - No changes detected in Techmaster Node - posts
2026-06-04 17:54:53,149 - INFO - No changes detected in The Growth Insights - pages
2026-06-04 17:54:53,258 - INFO - No changes detected in The Growth Insights - pages
2026-06-04 17:54:53,309 - INFO - No changes detected in TechWeb Trends - posts
2026-06-04 17:54:53,607 - INFO - No changes detected in World Business Hour - pages
2026-06-04 17:54:53,629 - INFO - No changes detected in TechWeb Trends - posts
2026-06-04 17:54:53,775 - INFO - No changes detected in World Business Hour - pages
2026-06-04 17:54:53,781 - INFO - No changes detected in Business Mediums - pages
2026-06-04 17:54:54,077 - INFO - No changes detected in Business Mediums - pages
2026-06-04 17:54:54,090 - INFO - No changes detected in Techmaster Node - pages
2026-06-04 17:54:54,556 - INFO - No changes detected in Techmaster Node - pages
2026-06-04 17:54:56,428 - INFO - No changes detected in CXO Matters - pages
2026-06-04 17:54:56,442 - INFO - No changes detected in CXO Matters - pages
2026-06-04 17:54:57,922 - INFO - No changes detected in TechWeb Trends - pages
2026-06-04 17:54:57,928 - INFO - No changes detected in TechWeb Trends - pages
2026-06-04 17:55:01,993 - INFO - No changes detected in World Business Hour - media
2026-06-04 17:55:02,131 - INFO - No changes detected in World Business Hour - media
2026-06-04 17:55:02,661 - INFO - No changes detected in Techmaster Node - media
2026-06-04 17:55:02,846 - INFO - No changes detected in Techmaster Node - media
2026-06-04 17:55:04,233 - INFO - No changes detected in World Business Hour - resources
2026-06-04 17:55:04,321 - INFO - No changes detected in World Business Hour - resources
2026-06-04 17:55:04,373 - INFO - No changes detected in The Growth Insights - media
2026-06-04 17:55:04,728 - INFO - No changes detected in Techmaster Node - resources
2026-06-04 17:55:04,866 - INFO - No changes detected in Techmaster Node - resources
2026-06-04 17:55:05,322 - INFO - No changes detected in The Growth Insights - media
2026-06-04 17:55:06,528 - INFO - No changes detected in The Growth Insights - resources
2026-06-04 17:55:06,979 - INFO - No changes detected in TechWeb Trends - media
2026-06-04 17:55:06,995 - INFO - No changes detected in TechWeb Trends - media
2026-06-04 17:55:07,463 - INFO - No changes detected in The Growth Insights - resources
2026-06-04 17:55:08,676 - INFO - No changes detected in Business Mediums - media
2026-06-04 17:55:09,043 - INFO - No changes detected in TechWeb Trends - resources
2026-06-04 17:55:09,095 - INFO - No changes detected in TechWeb Trends - resources
2026-06-04 17:55:10,383 - INFO - No changes detected in CXO Matters - media
2026-06-04 17:55:10,385 - INFO - No changes detected in CXO Matters - media
2026-06-04 17:55:10,397 - INFO - No changes detected in Business Mediums - media
2026-06-04 17:55:10,900 - INFO - No changes detected in Business Mediums - resources
2026-06-04 17:55:12,455 - INFO - No changes detected in CXO Matters - resources
2026-06-04 17:55:12,466 - INFO - No changes detected in CXO Matters - resources
2026-06-04 17:55:12,868 - INFO - No changes detected in Business Mediums - resources
2026-06-04 17:58:16,281 - INFO - No changes detected in Business Mediums - posts
2026-06-04 17:58:16,589 - INFO - No changes detected in Business Mediums - posts
2026-06-04 17:58:17,568 - INFO - No changes detected in World Business Hour - posts
2026-06-04 17:58:17,632 - INFO - No changes detected in World Business Hour - posts
2026-06-04 17:58:18,113 - INFO - No changes detected in The Growth Insights - posts
2026-06-04 17:58:18,181 - INFO - No changes detected in The Growth Insights - posts
2026-06-04 17:58:18,560 - INFO - No changes detected in CXO Matters - posts
2026-06-04 17:58:18,853 - INFO - No changes detected in CXO Matters - posts
2026-06-04 17:58:19,056 - INFO - No changes detected in Techmaster Node - posts
2026-06-04 17:58:19,129 - INFO - No changes detected in Techmaster Node - posts
2026-06-04 17:58:19,986 - INFO - No changes detected in TechWeb Trends - posts
2026-06-04 17:58:20,286 - INFO - No changes detected in The Growth Insights - pages
2026-06-04 17:58:20,289 - INFO - No changes detected in TechWeb Trends - posts
2026-06-04 17:58:20,328 - INFO - No changes detected in The Growth Insights - pages
2026-06-04 17:58:20,587 - INFO - No changes detected in World Business Hour - pages
2026-06-04 17:58:20,617 - INFO - No changes detected in Business Mediums - pages
2026-06-04 17:58:20,918 - INFO - No changes detected in Business Mediums - pages
2026-06-04 17:58:21,184 - INFO - No changes detected in Techmaster Node - pages
2026-06-04 17:58:21,229 - INFO - No changes detected in Techmaster Node - pages
2026-06-04 17:58:22,842 - INFO - No changes detected in CXO Matters - pages
2026-06-04 17:58:23,093 - INFO - No changes detected in CXO Matters - pages
2026-06-04 17:58:24,174 - INFO - No changes detected in TechWeb Trends - pages
2026-06-04 17:58:24,327 - INFO - No changes detected in TechWeb Trends - pages
2026-06-04 17:58:27,985 - INFO - No changes detected in World Business Hour - media
2026-06-04 17:58:28,278 - INFO - No changes detected in World Business Hour - media
2026-06-04 17:58:28,587 - INFO - No changes detected in Techmaster Node - media
2026-06-04 17:58:28,744 - INFO - No changes detected in Techmaster Node - media
2026-06-04 17:58:30,251 - INFO - No changes detected in World Business Hour - resources
2026-06-04 17:58:30,629 - INFO - No changes detected in Techmaster Node - resources
2026-06-04 17:58:30,638 - INFO - No changes detected in World Business Hour - resources
2026-06-04 17:58:30,680 - INFO - No changes detected in The Growth Insights - media
2026-06-04 17:58:30,682 - INFO - No changes detected in Techmaster Node - resources
2026-06-04 17:58:30,891 - INFO - No changes detected in The Growth Insights - media
2026-06-04 17:58:32,995 - INFO - No changes detected in TechWeb Trends - media
2026-06-04 17:58:33,001 - INFO - No changes detected in The Growth Insights - resources
2026-06-04 17:58:33,005 - INFO - No changes detected in TechWeb Trends - media
2026-06-04 17:58:33,014 - INFO - No changes detected in The Growth Insights - resources
2026-06-04 17:58:34,635 - INFO - No changes detected in Business Mediums - media
2026-06-04 17:58:34,646 - INFO - No changes detected in Business Mediums - media
2026-06-04 17:58:35,132 - INFO - No changes detected in TechWeb Trends - resources
2026-06-04 17:58:35,133 - INFO - No changes detected in TechWeb Trends - resources
2026-06-04 17:58:35,438 - INFO - No changes detected in CXO Matters - media
2026-06-04 17:58:35,851 - INFO - No changes detected in CXO Matters - media
2026-06-04 17:58:36,809 - INFO - No changes detected in Business Mediums - resources
2026-06-04 17:58:36,881 - INFO - No changes detected in Business Mediums - resources
2026-06-04 17:58:37,594 - INFO - No changes detected in CXO Matters - resources
2026-06-04 17:58:38,002 - INFO - No changes detected in CXO Matters - resources
2026-06-04 18:01:41,701 - INFO - No changes detected in Business Mediums - posts
2026-06-04 18:01:41,773 - INFO - No changes detected in Business Mediums - posts
2026-06-04 18:01:42,808 - INFO - No changes detected in World Business Hour - posts
2026-06-04 18:01:42,892 - INFO - No changes detected in World Business Hour - posts
2026-06-04 18:01:43,302 - INFO - No changes detected in The Growth Insights - posts
2026-06-04 18:01:43,435 - INFO - No changes detected in The Growth Insights - posts
2026-06-04 18:01:43,543 - INFO - No changes detected in CXO Matters - posts
2026-06-04 18:01:43,837 - INFO - No changes detected in CXO Matters - posts
2026-06-04 18:01:44,637 - INFO - No changes detected in Techmaster Node - posts
2026-06-04 18:01:44,695 - INFO - No changes detected in Techmaster Node - posts
2026-06-04 18:01:45,431 - INFO - No changes detected in The Growth Insights - pages
2026-06-04 18:01:45,498 - INFO - No changes detected in The Growth Insights - pages
2026-06-04 18:01:45,772 - INFO - No changes detected in TechWeb Trends - posts
2026-06-04 18:01:45,855 - INFO - No changes detected in World Business Hour - pages
2026-06-04 18:01:45,968 - INFO - No changes detected in World Business Hour - pages
2026-06-04 18:01:46,005 - INFO - No changes detected in Business Mediums - pages
2026-06-04 18:01:46,313 - INFO - No changes detected in Business Mediums - pages
2026-06-04 18:01:47,061 - INFO - No changes detected in Techmaster Node - pages
2026-06-04 18:01:47,113 - INFO - No changes detected in Techmaster Node - pages
2026-06-04 18:01:47,963 - INFO - No changes detected in CXO Matters - pages
2026-06-04 18:01:48,207 - INFO - No changes detected in CXO Matters - pages
2026-06-04 18:01:50,137 - INFO - No changes detected in TechWeb Trends - pages
2026-06-04 18:01:50,381 - INFO - No changes detected in TechWeb Trends - posts
2026-06-04 18:01:53,427 - INFO - No changes detected in World Business Hour - media
2026-06-04 18:01:53,514 - INFO - No changes detected in World Business Hour - media
2026-06-04 18:01:55,568 - INFO - No changes detected in World Business Hour - resources
2026-06-04 18:01:55,595 - INFO - No changes detected in World Business Hour - resources
2026-06-04 18:01:55,615 - INFO - No changes detected in TechWeb Trends - pages
2026-06-04 18:01:56,040 - INFO - No changes detected in Techmaster Node - media
2026-06-04 18:01:56,166 - INFO - No changes detected in Techmaster Node - media
2026-06-04 18:01:56,298 - INFO - No changes detected in The Growth Insights - media
2026-06-04 18:01:56,302 - INFO - No changes detected in The Growth Insights - media
2026-06-04 18:01:58,306 - INFO - No changes detected in Techmaster Node - resources
2026-06-04 18:01:58,387 - INFO - No changes detected in Techmaster Node - resources
2026-06-04 18:01:58,438 - INFO - No changes detected in The Growth Insights - resources
2026-06-04 18:01:58,482 - INFO - No changes detected in The Growth Insights - resources
2026-06-04 18:01:59,121 - INFO - No changes detected in TechWeb Trends - media
2026-06-04 18:02:00,650 - INFO - No changes detected in Business Mediums - media
2026-06-04 18:02:00,652 - INFO - No changes detected in Business Mediums - media
2026-06-04 18:02:01,264 - INFO - No changes detected in TechWeb Trends - resources
2026-06-04 18:02:01,303 - INFO - No changes detected in CXO Matters - media
2026-06-04 18:02:01,682 - INFO - No changes detected in CXO Matters - media
2026-06-04 18:02:02,773 - INFO - No changes detected in Business Mediums - resources
2026-06-04 18:02:03,007 - INFO - No changes detected in Business Mediums - resources
2026-06-04 18:02:03,730 - INFO - No changes detected in CXO Matters - resources
2026-06-04 18:02:03,825 - INFO - No changes detected in CXO Matters - resources
2026-06-04 18:02:10,171 - INFO - No changes detected in TechWeb Trends - media
2026-06-04 18:02:13,874 - INFO - No changes detected in TechWeb Trends - resources
2026-06-04 18:12:22,100 - INFO - No changes detected in Business Mediums - posts
2026-06-04 18:12:23,350 - INFO - No changes detected in World Business Hour - posts
2026-06-04 18:12:24,476 - INFO - No changes detected in CXO Matters - posts
2026-06-04 18:12:24,501 - INFO - No changes detected in The Growth Insights - posts
2026-06-04 18:12:25,216 - INFO - No changes detected in Techmaster Node - posts
2026-06-04 18:12:27,611 - INFO - No changes detected in Business Mediums - pages
2026-06-04 18:12:27,613 - INFO - No changes detected in The Growth Insights - pages
2026-06-04 18:12:28,114 - INFO - No changes detected in World Business Hour - pages
2026-06-04 18:12:28,291 - INFO - No changes detected in TechWeb Trends - posts
2026-06-04 18:12:28,907 - INFO - No changes detected in Techmaster Node - pages
2026-06-04 18:12:30,220 - INFO - No changes detected in CXO Matters - pages
2026-06-04 18:12:32,004 - INFO - No changes detected in Business Mediums - posts
2026-06-04 18:12:32,511 - INFO - No changes detected in TechWeb Trends - pages
2026-06-04 18:12:33,157 - INFO - No changes detected in World Business Hour - posts
2026-06-04 18:12:33,900 - INFO - No changes detected in The Growth Insights - posts
2026-06-04 18:12:33,900 - INFO - No changes detected in CXO Matters - posts
2026-06-04 18:12:34,472 - INFO - No changes detected in Techmaster Node - posts
2026-06-04 18:12:35,409 - INFO - No changes detected in World Business Hour - media
2026-06-04 18:12:35,980 - INFO - No changes detected in The Growth Insights - pages
2026-06-04 18:12:36,013 - INFO - No changes detected in TechWeb Trends - posts
2026-06-04 18:12:36,420 - INFO - No changes detected in World Business Hour - pages
2026-06-04 18:12:36,424 - INFO - No changes detected in Business Mediums - pages
2026-06-04 18:12:36,591 - INFO - No changes detected in Techmaster Node - media
2026-06-04 18:12:36,594 - INFO - No changes detected in Techmaster Node - pages
2026-06-04 18:12:37,636 - INFO - No changes detected in World Business Hour - resources
2026-06-04 18:12:38,083 - INFO - No changes detected in CXO Matters - pages
2026-06-04 18:12:38,278 - INFO - No changes detected in The Growth Insights - media
2026-06-04 18:12:39,212 - INFO - No changes detected in Techmaster Node - resources
2026-06-04 18:12:40,280 - INFO - No changes detected in TechWeb Trends - pages
2026-06-04 18:12:40,368 - INFO - No changes detected in The Growth Insights - resources
2026-06-04 18:12:42,064 - INFO - No changes detected in Business Mediums - media
2026-06-04 18:12:42,246 - INFO - No changes detected in TechWeb Trends - media
2026-06-04 18:12:43,458 - INFO - No changes detected in CXO Matters - media
2026-06-04 18:12:44,168 - INFO - No changes detected in Business Mediums - resources
2026-06-04 18:12:44,363 - INFO - No changes detected in TechWeb Trends - resources
2026-06-04 18:12:44,904 - INFO - No changes detected in World Business Hour - media
2026-06-04 18:12:45,435 - INFO - No changes detected in Techmaster Node - media
2026-06-04 18:12:45,532 - INFO - No changes detected in CXO Matters - resources
2026-06-04 18:12:46,957 - INFO - No changes detected in World Business Hour - resources
2026-06-04 18:12:47,300 - INFO - No changes detected in The Growth Insights - media
2026-06-04 18:12:47,521 - INFO - No changes detected in Techmaster Node - resources
2026-06-04 18:12:49,411 - INFO - No changes detected in The Growth Insights - resources
2026-06-04 18:12:50,079 - INFO - No changes detected in TechWeb Trends - media
2026-06-04 18:12:51,192 - INFO - No changes detected in CXO Matters - media
2026-06-04 18:12:52,136 - INFO - No changes detected in Business Mediums - media
2026-06-04 18:12:52,136 - INFO - No changes detected in TechWeb Trends - resources
2026-06-04 18:12:53,260 - INFO - No changes detected in CXO Matters - resources
2026-06-04 18:12:54,178 - INFO - No changes detected in Business Mediums - resources
2026-06-04 18:15:49,369 - INFO - No changes detected in Business Mediums - posts
2026-06-04 18:15:50,673 - INFO - No changes detected in World Business Hour - posts
2026-06-04 18:15:51,125 - INFO - No changes detected in The Growth Insights - posts
2026-06-04 18:15:51,844 - INFO - No changes detected in CXO Matters - posts
2026-06-04 18:15:52,052 - INFO - No changes detected in Techmaster Node - posts
2026-06-04 18:15:53,110 - INFO - No changes detected in TechWeb Trends - posts
2026-06-04 18:15:53,211 - INFO - No changes detected in The Growth Insights - pages
2026-06-04 18:15:53,584 - INFO - No changes detected in Business Mediums - pages
2026-06-04 18:15:53,613 - INFO - No changes detected in World Business Hour - pages
2026-06-04 18:15:54,303 - INFO - No changes detected in Techmaster Node - pages
2026-06-04 18:15:56,224 - INFO - No changes detected in CXO Matters - pages
2026-06-04 18:15:58,052 - INFO - No changes detected in Business Mediums - posts
2026-06-04 18:15:58,686 - INFO - No changes detected in TechWeb Trends - pages
2026-06-04 18:15:58,713 - INFO - No changes detected in World Business Hour - posts
2026-06-04 18:15:59,290 - INFO - No changes detected in The Growth Insights - posts
2026-06-04 18:15:59,828 - INFO - No changes detected in CXO Matters - posts
2026-06-04 18:16:00,001 - INFO - No changes detected in Techmaster Node - posts
2026-06-04 18:16:01,015 - INFO - No changes detected in TechWeb Trends - posts
2026-06-04 18:16:01,329 - INFO - No changes detected in The Growth Insights - pages
2026-06-04 18:16:01,604 - INFO - No changes detected in World Business Hour - pages
2026-06-04 18:16:01,715 - INFO - No changes detected in World Business Hour - media
2026-06-04 18:16:02,309 - INFO - No changes detected in Techmaster Node - pages
2026-06-04 18:16:02,453 - INFO - No changes detected in Business Mediums - pages
2026-06-04 18:16:02,812 - INFO - No changes detected in Techmaster Node - media
2026-06-04 18:16:04,315 - INFO - No changes detected in World Business Hour - resources
2026-06-04 18:16:04,318 - INFO - No changes detected in The Growth Insights - media
2026-06-04 18:16:05,001 - INFO - No changes detected in Techmaster Node - resources
2026-06-04 18:16:05,033 - INFO - No changes detected in CXO Matters - pages
2026-06-04 18:16:05,812 - INFO - No changes detected in TechWeb Trends - pages
2026-06-04 18:16:06,587 - INFO - No changes detected in The Growth Insights - resources
2026-06-04 18:16:09,048 - INFO - No changes detected in TechWeb Trends - media
2026-06-04 18:16:09,747 - INFO - No changes detected in Business Mediums - media
2026-06-04 18:16:10,114 - INFO - No changes detected in World Business Hour - media
2026-06-04 18:16:11,099 - INFO - No changes detected in TechWeb Trends - resources
2026-06-04 18:16:11,114 - INFO - No changes detected in CXO Matters - media
2026-06-04 18:16:11,977 - INFO - No changes detected in Techmaster Node - media
2026-06-04 18:16:12,220 - INFO - No changes detected in Business Mediums - resources
2026-06-04 18:16:12,291 - INFO - No changes detected in World Business Hour - resources
2026-06-04 18:16:13,019 - INFO - No changes detected in The Growth Insights - media
2026-06-04 18:16:13,201 - INFO - No changes detected in CXO Matters - resources
2026-06-04 18:16:14,076 - INFO - No changes detected in Techmaster Node - resources
2026-06-04 18:16:15,085 - INFO - No changes detected in The Growth Insights - resources
2026-06-04 18:16:15,287 - INFO - No changes detected in TechWeb Trends - media
2026-06-04 18:16:17,447 - INFO - No changes detected in TechWeb Trends - resources
2026-06-04 18:16:18,264 - INFO - No changes detected in Business Mediums - media
2026-06-04 18:16:18,573 - INFO - No changes detected in CXO Matters - media
2026-06-04 18:16:20,592 - INFO - No changes detected in Business Mediums - resources
2026-06-04 18:16:20,662 - INFO - No changes detected in CXO Matters - resources
